// Jest Snapshot v1, https://goo.gl/fbAQLP

exports[`should render RegisterConfirmPage correctly 1`] = `
ShallowWrapper {
  Symbol(enzyme.__root__): [Circular],
  Symbol(enzyme.__unrendered__): <RegisterConfirmPage />,
  Symbol(enzyme.__renderer__): Object {
    "batchedUpdates": [Function],
    "getNode": [Function],
    "render": [Function],
    "simulateError": [Function],
    "simulateEvent": [Function],
    "unmount": [Function],
  },
  Symbol(enzyme.__node__): Object {
    "instance": null,
    "key": undefined,
    "nodeType": "function",
    "props": Object {
      "children": Array [
        <HelmetWrapper
          defaultTitle="Register Confirm Page"
          defer={true}
          encodeSpecialCharacters={true}
          titleTemplate="Register Confirm Page"
        >
          <meta
            content="Register Confirm Page"
            name="description"
          />
        </HelmetWrapper>,
        <PageHeading
          title="Register Confirm Page"
        />,
      ],
    },
    "ref": null,
    "rendered": Array [
      Object {
        "instance": null,
        "key": undefined,
        "nodeType": "class",
        "props": Object {
          "children": <meta
            content="Register Confirm Page"
            name="description"
          />,
          "defaultTitle": "Register Confirm Page",
          "defer": true,
          "encodeSpecialCharacters": true,
          "titleTemplate": "Register Confirm Page",
        },
        "ref": null,
        "rendered": Object {
          "instance": null,
          "key": undefined,
          "nodeType": "host",
          "props": Object {
            "content": "Register Confirm Page",
            "name": "description",
          },
          "ref": null,
          "rendered": null,
          "type": "meta",
        },
        "type": [Function],
      },
      Object {
        "instance": null,
        "key": undefined,
        "nodeType": "function",
        "props": Object {
          "title": "Register Confirm Page",
        },
        "ref": null,
        "rendered": null,
        "type": [Function],
      },
    ],
    "type": Symbol(react.fragment),
  },
  Symbol(enzyme.__nodes__): Array [
    Object {
      "instance": null,
      "key": undefined,
      "nodeType": "function",
      "props": Object {
        "children": Array [
          <HelmetWrapper
            defaultTitle="Register Confirm Page"
            defer={true}
            encodeSpecialCharacters={true}
            titleTemplate="Register Confirm Page"
          >
            <meta
              content="Register Confirm Page"
              name="description"
            />
          </HelmetWrapper>,
          <PageHeading
            title="Register Confirm Page"
          />,
        ],
      },
      "ref": null,
      "rendered": Array [
        Object {
          "instance": null,
          "key": undefined,
          "nodeType": "class",
          "props": Object {
            "children": <meta
              content="Register Confirm Page"
              name="description"
            />,
            "defaultTitle": "Register Confirm Page",
            "defer": true,
            "encodeSpecialCharacters": true,
            "titleTemplate": "Register Confirm Page",
          },
          "ref": null,
          "rendered": Object {
            "instance": null,
            "key": undefined,
            "nodeType": "host",
            "props": Object {
              "content": "Register Confirm Page",
              "name": "description",
            },
            "ref": null,
            "rendered": null,
            "type": "meta",
          },
          "type": [Function],
        },
        Object {
          "instance": null,
          "key": undefined,
          "nodeType": "function",
          "props": Object {
            "title": "Register Confirm Page",
          },
          "ref": null,
          "rendered": null,
          "type": [Function],
        },
      ],
      "type": Symbol(react.fragment),
    },
  ],
  Symbol(enzyme.__options__): Object {
    "adapter": ReactSixteenAdapter {
      "options": Object {
        "enableComponentDidUpdateOnSetState": true,
        "lifecycles": Object {
          "componentDidUpdate": Object {
            "onSetState": true,
          },
          "getDerivedStateFromProps": true,
          "getSnapshotBeforeUpdate": true,
          "setState": Object {
            "skipsComponentDidUpdateOnNullish": true,
          },
        },
      },
    },
  },
}
`;
